Archive member included because of file (symbol)

c:/program files (x86)/atmel/atmel toolchain/avr8 gcc/native/3.4.2.1002/avr8-gnu-toolchain/bin/../lib/gcc/avr/4.7.2/avr4\libgcc.a(_divmodhi4.o)
                              line.o (__divmodhi4)
c:/program files (x86)/atmel/atmel toolchain/avr8 gcc/native/3.4.2.1002/avr8-gnu-toolchain/bin/../lib/gcc/avr/4.7.2/avr4\libgcc.a(_exit.o)
                              c:/program files (x86)/atmel/atmel toolchain/avr8 gcc/native/3.4.2.1002/avr8-gnu-toolchain/bin/../lib/gcc/avr/4.7.2/../../../../avr/lib/avr4/crtm8.o (exit)
c:/program files (x86)/atmel/atmel toolchain/avr8 gcc/native/3.4.2.1002/avr8-gnu-toolchain/bin/../lib/gcc/avr/4.7.2/avr4\libgcc.a(_copy_data.o)
                              adc.o (__do_copy_data)
c:/program files (x86)/atmel/atmel toolchain/avr8 gcc/native/3.4.2.1002/avr8-gnu-toolchain/bin/../lib/gcc/avr/4.7.2/avr4\libgcc.a(_clear_bss.o)
                              line.o (__do_clear_bss)
c:/program files (x86)/atmel/atmel toolchain/avr8 gcc/native/3.4.2.1002/avr8-gnu-toolchain/bin/../lib/gcc/avr/4.7.2/avr4\libgcc.a(_udivmodhi4.o)
                              c:/program files (x86)/atmel/atmel toolchain/avr8 gcc/native/3.4.2.1002/avr8-gnu-toolchain/bin/../lib/gcc/avr/4.7.2/avr4\libgcc.a(_divmodhi4.o) (__udivmodhi4)
c:/program files (x86)/atmel/atmel toolchain/avr8 gcc/native/3.4.2.1002/avr8-gnu-toolchain/bin/../lib/gcc/avr/4.7.2/../../../../avr/lib/avr4\libc.a(itoa.o)
                              uart.o (itoa)
c:/program files (x86)/atmel/atmel toolchain/avr8 gcc/native/3.4.2.1002/avr8-gnu-toolchain/bin/../lib/gcc/avr/4.7.2/../../../../avr/lib/avr4\libc.a(strrev.o)
                              c:/program files (x86)/atmel/atmel toolchain/avr8 gcc/native/3.4.2.1002/avr8-gnu-toolchain/bin/../lib/gcc/avr/4.7.2/../../../../avr/lib/avr4\libc.a(itoa.o) (strrev)

Allocating common symbols
Common symbol       size              file

toggle_bit          0x2               odometrie.o
switch_press        0xc               switch.o

Discarded input sections

 .bss           0x00000000        0x0 c:/program files (x86)/atmel/atmel toolchain/avr8 gcc/native/3.4.2.1002/avr8-gnu-toolchain/bin/../lib/gcc/avr/4.7.2/../../../../avr/lib/avr4/crtm8.o
 .text          0x00000000        0x0 adc.o
 .bss           0x00000000        0x0 adc.o
 .text          0x00000000        0x0 Asuro.o
 .bss           0x00000000        0x0 Asuro.o
 .text          0x00000000        0x0 line.o
 .bss           0x00000000        0x0 line.o
 .text          0x00000000        0x0 line_follow.o
 .bss           0x00000000        0x0 line_follow.o
 .bss.line_left
                0x00000000        0x2 line_follow.o
 .bss.line_right
                0x00000000        0x2 line_follow.o
 .text          0x00000000        0x0 motor_control.o
 .bss           0x00000000        0x0 motor_control.o
 .text          0x00000000        0x0 odometrie.o
 .bss           0x00000000        0x0 odometrie.o
 .text.get_od_adc
                0x00000000       0xf4 odometrie.o
 .text.get_tick
                0x00000000       0x90 odometrie.o
 COMMON         0x00000000        0x2 odometrie.o
 .text          0x00000000        0x0 status_led.o
 .bss           0x00000000        0x0 status_led.o
 .text.back_led
                0x00000000       0x8c status_led.o
 .text          0x00000000        0x0 switch.o
 .bss           0x00000000        0x0 switch.o
 .text.get_switch
                0x00000000       0xf4 switch.o
 COMMON         0x00000000        0xc switch.o
 .text          0x00000000        0x0 test.o
 .bss           0x00000000        0x0 test.o
 .bss.counter   0x00000000        0x1 test.o
 .bss.counter_long
                0x00000000        0x1 test.o
 .text.test     0x00000000        0xe test.o
 .text          0x00000000        0x0 timer.o
 .bss           0x00000000        0x0 timer.o
 .text          0x00000000        0x0 uart.o
 .bss           0x00000000        0x0 uart.o
 .text          0x00000000        0x0 c:/program files (x86)/atmel/atmel toolchain/avr8 gcc/native/3.4.2.1002/avr8-gnu-toolchain/bin/../lib/gcc/avr/4.7.2/avr4\libgcc.a(_divmodhi4.o)
 .bss           0x00000000        0x0 c:/program files (x86)/atmel/atmel toolchain/avr8 gcc/native/3.4.2.1002/avr8-gnu-toolchain/bin/../lib/gcc/avr/4.7.2/avr4\libgcc.a(_divmodhi4.o)
 .text.libgcc.mul
                0x00000000        0x0 c:/program files (x86)/atmel/atmel toolchain/avr8 gcc/native/3.4.2.1002/avr8-gnu-toolchain/bin/../lib/gcc/avr/4.7.2/avr4\libgcc.a(_divmodhi4.o)
 .text.libgcc   0x00000000        0x0 c:/program files (x86)/atmel/atmel toolchain/avr8 gcc/native/3.4.2.1002/avr8-gnu-toolchain/bin/../lib/gcc/avr/4.7.2/avr4\libgcc.a(_divmodhi4.o)
 .text.libgcc.prologue
                0x00000000        0x0 c:/program files (x86)/atmel/atmel toolchain/avr8 gcc/native/3.4.2.1002/avr8-gnu-toolchain/bin/../lib/gcc/avr/4.7.2/avr4\libgcc.a(_divmodhi4.o)
 .text.libgcc.builtins
                0x00000000        0x0 c:/program files (x86)/atmel/atmel toolchain/avr8 gcc/native/3.4.2.1002/avr8-gnu-toolchain/bin/../lib/gcc/avr/4.7.2/avr4\libgcc.a(_divmodhi4.o)
 .text.libgcc.fmul
                0x00000000        0x0 c:/program files (x86)/atmel/atmel toolchain/avr8 gcc/native/3.4.2.1002/avr8-gnu-toolchain/bin/../lib/gcc/avr/4.7.2/avr4\libgcc.a(_divmodhi4.o)
 .text          0x00000000        0x0 c:/program files (x86)/atmel/atmel toolchain/avr8 gcc/native/3.4.2.1002/avr8-gnu-toolchain/bin/../lib/gcc/avr/4.7.2/avr4\libgcc.a(_exit.o)
 .bss           0x00000000        0x0 c:/program files (x86)/atmel/atmel toolchain/avr8 gcc/native/3.4.2.1002/avr8-gnu-toolchain/bin/../lib/gcc/avr/4.7.2/avr4\libgcc.a(_exit.o)
 .text.libgcc.mul
                0x00000000        0x0 c:/program files (x86)/atmel/atmel toolchain/avr8 gcc/native/3.4.2.1002/avr8-gnu-toolchain/bin/../lib/gcc/avr/4.7.2/avr4\libgcc.a(_exit.o)
 .text.libgcc.div
                0x00000000        0x0 c:/program files (x86)/atmel/atmel toolchain/avr8 gcc/native/3.4.2.1002/avr8-gnu-toolchain/bin/../lib/gcc/avr/4.7.2/avr4\libgcc.a(_exit.o)
 .text.libgcc   0x00000000        0x0 c:/program files (x86)/atmel/atmel toolchain/avr8 gcc/native/3.4.2.1002/avr8-gnu-toolchain/bin/../lib/gcc/avr/4.7.2/avr4\libgcc.a(_exit.o)
 .text.libgcc.prologue
                0x00000000        0x0 c:/program files (x86)/atmel/atmel toolchain/avr8 gcc/native/3.4.2.1002/avr8-gnu-toolchain/bin/../lib/gcc/avr/4.7.2/avr4\libgcc.a(_exit.o)
 .text.libgcc.builtins
                0x00000000        0x0 c:/program files (x86)/atmel/atmel toolchain/avr8 gcc/native/3.4.2.1002/avr8-gnu-toolchain/bin/../lib/gcc/avr/4.7.2/avr4\libgcc.a(_exit.o)
 .text.libgcc.fmul
                0x00000000        0x0 c:/program files (x86)/atmel/atmel toolchain/avr8 gcc/native/3.4.2.1002/avr8-gnu-toolchain/bin/../lib/gcc/avr/4.7.2/avr4\libgcc.a(_exit.o)
 .text          0x00000000        0x0 c:/program files (x86)/atmel/atmel toolchain/avr8 gcc/native/3.4.2.1002/avr8-gnu-toolchain/bin/../lib/gcc/avr/4.7.2/avr4\libgcc.a(_copy_data.o)
 .bss           0x00000000        0x0 c:/program files (x86)/atmel/atmel toolchain/avr8 gcc/native/3.4.2.1002/avr8-gnu-toolchain/bin/../lib/gcc/avr/4.7.2/avr4\libgcc.a(_copy_data.o)
 .text.libgcc.mul
                0x00000000        0x0 c:/program files (x86)/atmel/atmel toolchain/avr8 gcc/native/3.4.2.1002/avr8-gnu-toolchain/bin/../lib/gcc/avr/4.7.2/avr4\libgcc.a(_copy_data.o)
 .text.libgcc.div
                0x00000000        0x0 c:/program files (x86)/atmel/atmel toolchain/avr8 gcc/native/3.4.2.1002/avr8-gnu-toolchain/bin/../lib/gcc/avr/4.7.2/avr4\libgcc.a(_copy_data.o)
 .text.libgcc   0x00000000        0x0 c:/program files (x86)/atmel/atmel toolchain/avr8 gcc/native/3.4.2.1002/avr8-gnu-toolchain/bin/../lib/gcc/avr/4.7.2/avr4\libgcc.a(_copy_data.o)
 .text.libgcc.prologue
                0x00000000        0x0 c:/program files (x86)/atmel/atmel toolchain/avr8 gcc/native/3.4.2.1002/avr8-gnu-toolchain/bin/../lib/gcc/avr/4.7.2/avr4\libgcc.a(_copy_data.o)
 .text.libgcc.builtins
                0x00000000        0x0 c:/program files (x86)/atmel/atmel toolchain/avr8 gcc/native/3.4.2.1002/avr8-gnu-toolchain/bin/../lib/gcc/avr/4.7.2/avr4\libgcc.a(_copy_data.o)
 .text.libgcc.fmul
                0x00000000        0x0 c:/program files (x86)/atmel/atmel toolchain/avr8 gcc/native/3.4.2.1002/avr8-gnu-toolchain/bin/../lib/gcc/avr/4.7.2/avr4\libgcc.a(_copy_data.o)
 .text          0x00000000        0x0 c:/program files (x86)/atmel/atmel toolchain/avr8 gcc/native/3.4.2.1002/avr8-gnu-toolchain/bin/../lib/gcc/avr/4.7.2/avr4\libgcc.a(_clear_bss.o)
 .bss           0x00000000        0x0 c:/program files (x86)/atmel/atmel toolchain/avr8 gcc/native/3.4.2.1002/avr8-gnu-toolchain/bin/../lib/gcc/avr/4.7.2/avr4\libgcc.a(_clear_bss.o)
 .text.libgcc.mul
                0x00000000        0x0 c:/program files (x86)/atmel/atmel toolchain/avr8 gcc/native/3.4.2.1002/avr8-gnu-toolchain/bin/../lib/gcc/avr/4.7.2/avr4\libgcc.a(_clear_bss.o)
 .text.libgcc.div
                0x00000000        0x0 c:/program files (x86)/atmel/atmel toolchain/avr8 gcc/native/3.4.2.1002/avr8-gnu-toolchain/bin/../lib/gcc/avr/4.7.2/avr4\libgcc.a(_clear_bss.o)
 .text.libgcc   0x00000000        0x0 c:/program files (x86)/atmel/atmel toolchain/avr8 gcc/native/3.4.2.1002/avr8-gnu-toolchain/bin/../lib/gcc/avr/4.7.2/avr4\libgcc.a(_clear_bss.o)
 .text.libgcc.prologue
                0x00000000        0x0 c:/program files (x86)/atmel/atmel toolchain/avr8 gcc/native/3.4.2.1002/avr8-gnu-toolchain/bin/../lib/gcc/avr/4.7.2/avr4\libgcc.a(_clear_bss.o)
 .text.libgcc.builtins
                0x00000000        0x0 c:/program files (x86)/atmel/atmel toolchain/avr8 gcc/native/3.4.2.1002/avr8-gnu-toolchain/bin/../lib/gcc/avr/4.7.2/avr4\libgcc.a(_clear_bss.o)
 .text.libgcc.fmul
                0x00000000        0x0 c:/program files (x86)/atmel/atmel toolchain/avr8 gcc/native/3.4.2.1002/avr8-gnu-toolchain/bin/../lib/gcc/avr/4.7.2/avr4\libgcc.a(_clear_bss.o)
 .text          0x00000000        0x0 c:/program files (x86)/atmel/atmel toolchain/avr8 gcc/native/3.4.2.1002/avr8-gnu-toolchain/bin/../lib/gcc/avr/4.7.2/avr4\libgcc.a(_udivmodhi4.o)
 .bss           0x00000000        0x0 c:/program files (x86)/atmel/atmel toolchain/avr8 gcc/native/3.4.2.1002/avr8-gnu-toolchain/bin/../lib/gcc/avr/4.7.2/avr4\libgcc.a(_udivmodhi4.o)
 .text.libgcc.mul
                0x00000000        0x0 c:/program files (x86)/atmel/atmel toolchain/avr8 gcc/native/3.4.2.1002/avr8-gnu-toolchain/bin/../lib/gcc/avr/4.7.2/avr4\libgcc.a(_udivmodhi4.o)
 .text.libgcc   0x00000000        0x0 c:/program files (x86)/atmel/atmel toolchain/avr8 gcc/native/3.4.2.1002/avr8-gnu-toolchain/bin/../lib/gcc/avr/4.7.2/avr4\libgcc.a(_udivmodhi4.o)
 .text.libgcc.prologue
                0x00000000        0x0 c:/program files (x86)/atmel/atmel toolchain/avr8 gcc/native/3.4.2.1002/avr8-gnu-toolchain/bin/../lib/gcc/avr/4.7.2/avr4\libgcc.a(_udivmodhi4.o)
 .text.libgcc.builtins
                0x00000000        0x0 c:/program files (x86)/atmel/atmel toolchain/avr8 gcc/native/3.4.2.1002/avr8-gnu-toolchain/bin/../lib/gcc/avr/4.7.2/avr4\libgcc.a(_udivmodhi4.o)
 .text.libgcc.fmul
                0x00000000        0x0 c:/program files (x86)/atmel/atmel toolchain/avr8 gcc/native/3.4.2.1002/avr8-gnu-toolchain/bin/../lib/gcc/avr/4.7.2/avr4\libgcc.a(_udivmodhi4.o)
 .text          0x00000000        0x0 c:/program files (x86)/atmel/atmel toolchain/avr8 gcc/native/3.4.2.1002/avr8-gnu-toolchain/bin/../lib/gcc/avr/4.7.2/../../../../avr/lib/avr4\libc.a(itoa.o)
 .bss           0x00000000        0x0 c:/program files (x86)/atmel/atmel toolchain/avr8 gcc/native/3.4.2.1002/avr8-gnu-toolchain/bin/../lib/gcc/avr/4.7.2/../../../../avr/lib/avr4\libc.a(itoa.o)
 .text          0x00000000        0x0 c:/program files (x86)/atmel/atmel toolchain/avr8 gcc/native/3.4.2.1002/avr8-gnu-toolchain/bin/../lib/gcc/avr/4.7.2/../../../../avr/lib/avr4\libc.a(strrev.o)
 .bss           0x00000000        0x0 c:/program files (x86)/atmel/atmel toolchain/avr8 gcc/native/3.4.2.1002/avr8-gnu-toolchain/bin/../lib/gcc/avr/4.7.2/../../../../avr/lib/avr4\libc.a(strrev.o)

Memory Configuration

Name             Origin             Length             Attributes
text             0x00000000         0x00002000         xr
data             0x00800060         0x0000ffa0         rw !x
eeprom           0x00810000         0x00010000         rw !x
fuse             0x00820000         0x00000400         rw !x
lock             0x00830000         0x00000400         rw !x
signature        0x00840000         0x00000400         rw !x
user_signatures  0x00850000         0x00000400         rw !x
*default*        0x00000000         0xffffffff

Linker script and memory map

LOAD c:/program files (x86)/atmel/atmel toolchain/avr8 gcc/native/3.4.2.1002/avr8-gnu-toolchain/bin/../lib/gcc/avr/4.7.2/../../../../avr/lib/avr4/crtm8.o
LOAD adc.o
LOAD Asuro.o
LOAD line.o
LOAD line_follow.o
LOAD motor_control.o
LOAD odometrie.o
LOAD status_led.o
LOAD switch.o
LOAD test.o
LOAD timer.o
LOAD uart.o
START GROUP
LOAD c:/program files (x86)/atmel/atmel toolchain/avr8 gcc/native/3.4.2.1002/avr8-gnu-toolchain/bin/../lib/gcc/avr/4.7.2/../../../../avr/lib/avr4\libm.a
END GROUP
LOAD c:/program files (x86)/atmel/atmel toolchain/avr8 gcc/native/3.4.2.1002/avr8-gnu-toolchain/bin/../lib/gcc/avr/4.7.2/avr4\libgcc.a
LOAD c:/program files (x86)/atmel/atmel toolchain/avr8 gcc/native/3.4.2.1002/avr8-gnu-toolchain/bin/../lib/gcc/avr/4.7.2/../../../../avr/lib/avr4\libc.a
LOAD c:/program files (x86)/atmel/atmel toolchain/avr8 gcc/native/3.4.2.1002/avr8-gnu-toolchain/bin/../lib/gcc/avr/4.7.2/avr4\libgcc.a

.hash
 *(.hash)

.dynsym
 *(.dynsym)

.dynstr
 *(.dynstr)

.gnu.version
 *(.gnu.version)

.gnu.version_d
 *(.gnu.version_d)

.gnu.version_r
 *(.gnu.version_r)

.rel.init
 *(.rel.init)

.rela.init
 *(.rela.init)

.rel.text
 *(.rel.text)
 *(.rel.text.*)
 *(.rel.gnu.linkonce.t*)

.rela.text
 *(.rela.text)
 *(.rela.text.*)
 *(.rela.gnu.linkonce.t*)

.rel.fini
 *(.rel.fini)

.rela.fini
 *(.rela.fini)

.rel.rodata
 *(.rel.rodata)
 *(.rel.rodata.*)
 *(.rel.gnu.linkonce.r*)

.rela.rodata
 *(.rela.rodata)
 *(.rela.rodata.*)
 *(.rela.gnu.linkonce.r*)

.rel.data
 *(.rel.data)
 *(.rel.data.*)
 *(.rel.gnu.linkonce.d*)

.rela.data
 *(.rela.data)
 *(.rela.data.*)
 *(.rela.gnu.linkonce.d*)

.rel.ctors
 *(.rel.ctors)

.rela.ctors
 *(.rela.ctors)

.rel.dtors
 *(.rel.dtors)

.rela.dtors
 *(.rela.dtors)

.rel.got
 *(.rel.got)

.rela.got
 *(.rela.got)

.rel.bss
 *(.rel.bss)

.rela.bss
 *(.rela.bss)

.rel.plt
 *(.rel.plt)

.rela.plt
 *(.rela.plt)

.text           0x00000000      0xb20
 *(.vectors)
 .vectors       0x00000000       0x26 c:/program files (x86)/atmel/atmel toolchain/avr8 gcc/native/3.4.2.1002/avr8-gnu-toolchain/bin/../lib/gcc/avr/4.7.2/../../../../avr/lib/avr4/crtm8.o
                0x00000000                __vector_default
                0x00000000                __vectors
 *(.vectors)
 *(.progmem.gcc*)
 *(.progmem*)
                0x00000026                . = ALIGN (0x2)
                0x00000026                __trampolines_start = .
 *(.trampolines)
 .trampolines   0x00000026        0x0 linker stubs
 *(.trampolines*)
                0x00000026                __trampolines_end = .
 *(.jumptables)
 *(.jumptables*)
 *(.lowtext)
 *(.lowtext*)
                0x00000026                __ctors_start = .
 *(.ctors)
                0x00000026                __ctors_end = .
                0x00000026                __dtors_start = .
 *(.dtors)
                0x00000026                __dtors_end = .
 SORT(*)(.ctors)
 SORT(*)(.dtors)
 *(.init0)
 .init0         0x00000026        0x0 c:/program files (x86)/atmel/atmel toolchain/avr8 gcc/native/3.4.2.1002/avr8-gnu-toolchain/bin/../lib/gcc/avr/4.7.2/../../../../avr/lib/avr4/crtm8.o
                0x00000026                __init
 *(.init0)
 *(.init1)
 *(.init1)
 *(.init2)
 .init2         0x00000026        0xc c:/program files (x86)/atmel/atmel toolchain/avr8 gcc/native/3.4.2.1002/avr8-gnu-toolchain/bin/../lib/gcc/avr/4.7.2/../../../../avr/lib/avr4/crtm8.o
 *(.init2)
 *(.init3)
 *(.init3)
 *(.init4)
 .init4         0x00000032       0x16 c:/program files (x86)/atmel/atmel toolchain/avr8 gcc/native/3.4.2.1002/avr8-gnu-toolchain/bin/../lib/gcc/avr/4.7.2/avr4\libgcc.a(_copy_data.o)
                0x00000032                __do_copy_data
 .init4         0x00000048       0x10 c:/program files (x86)/atmel/atmel toolchain/avr8 gcc/native/3.4.2.1002/avr8-gnu-toolchain/bin/../lib/gcc/avr/4.7.2/avr4\libgcc.a(_clear_bss.o)
                0x00000048                __do_clear_bss
 *(.init4)
 *(.init5)
 *(.init5)
 *(.init6)
 *(.init6)
 *(.init7)
 *(.init7)
 *(.init8)
 *(.init8)
 *(.init9)
 .init9         0x00000058        0x4 c:/program files (x86)/atmel/atmel toolchain/avr8 gcc/native/3.4.2.1002/avr8-gnu-toolchain/bin/../lib/gcc/avr/4.7.2/../../../../avr/lib/avr4/crtm8.o
 *(.init9)
 *(.text)
 .text          0x0000005c        0x2 c:/program files (x86)/atmel/atmel toolchain/avr8 gcc/native/3.4.2.1002/avr8-gnu-toolchain/bin/../lib/gcc/avr/4.7.2/../../../../avr/lib/avr4/crtm8.o
                0x0000005c                __vector_1
                0x0000005c                __vector_12
                0x0000005c                __bad_interrupt
                0x0000005c                __vector_6
                0x0000005c                __vector_3
                0x0000005c                __vector_11
                0x0000005c                __vector_13
                0x0000005c                __vector_17
                0x0000005c                __vector_7
                0x0000005c                __vector_5
                0x0000005c                __vector_4
                0x0000005c                __vector_15
                0x0000005c                __vector_8
                0x0000005c                __vector_14
                0x0000005c                __vector_10
                0x0000005c                __vector_16
                0x0000005c                __vector_18
                0x0000005e                . = ALIGN (0x2)
 *(.text.*)
 .text.init_adc
                0x0000005e       0x68 adc.o
                0x0000005e                init_adc
 .text.main     0x000000c6       0x36 Asuro.o
                0x000000c6                main
 .text.init_line
                0x000000fc       0x3e line.o
                0x000000fc                init_line
 .text.get_line_adc
                0x0000013a       0xea line.o
                0x0000013a                get_line_adc
 .text.get_line_diff
                0x00000224       0x46 line.o
                0x00000224                get_line_diff
 .text.calibrate_line_sens
                0x0000026a      0x13a line.o
                0x0000026a                calibrate_line_sens
 .text.follow_line
                0x000003a4      0x114 line_follow.o
                0x000003a4                follow_line
 .text.init_motor
                0x000004b8       0x92 motor_control.o
                0x000004b8                init_motor
 .text.motor_dir
                0x0000054a       0xec motor_control.o
                0x0000054a                motor_dir
 .text.motor_pwr
                0x00000636       0x2c motor_control.o
                0x00000636                motor_pwr
 .text.init_led
                0x00000662       0x5c status_led.o
                0x00000662                init_led
 .text.status_led
                0x000006be       0x9e status_led.o
                0x000006be                status_led
 .text.line_led
                0x0000075c       0x4e status_led.o
                0x0000075c                line_led
 .text.init_switch
                0x000007aa       0x74 switch.o
                0x000007aa                init_switch
 .text.get_switch_adc
                0x0000081e       0x74 switch.o
                0x0000081e                get_switch_adc
 .text.__vector_2
                0x00000892       0x76 switch.o
                0x00000892                __vector_2
 .text.init_timer
                0x00000908       0x38 timer.o
                0x00000908                init_timer
 .text.__vector_9
                0x00000940       0x24 timer.o
                0x00000940                __vector_9
 .text.init_uart
                0x00000964       0x56 uart.o
                0x00000964                init_uart
 .text.uart_putc
                0x000009ba       0x34 uart.o
                0x000009ba                uart_putc
 .text.uart_puts
                0x000009ee       0x40 uart.o
                0x000009ee                uart_puts
 .text.uart_puti
                0x00000a2e       0x42 uart.o
                0x00000a2e                uart_puti
 .text.libgcc.div
                0x00000a70       0x26 c:/program files (x86)/atmel/atmel toolchain/avr8 gcc/native/3.4.2.1002/avr8-gnu-toolchain/bin/../lib/gcc/avr/4.7.2/avr4\libgcc.a(_divmodhi4.o)
                0x00000a70                _div
                0x00000a70                __divmodhi4
 .text.libgcc.div
                0x00000a96       0x28 c:/program files (x86)/atmel/atmel toolchain/avr8 gcc/native/3.4.2.1002/avr8-gnu-toolchain/bin/../lib/gcc/avr/4.7.2/avr4\libgcc.a(_udivmodhi4.o)
                0x00000a96                __udivmodhi4
 .text.avr-libc
                0x00000abe       0x3e c:/program files (x86)/atmel/atmel toolchain/avr8 gcc/native/3.4.2.1002/avr8-gnu-toolchain/bin/../lib/gcc/avr/4.7.2/../../../../avr/lib/avr4\libc.a(itoa.o)
                0x00000abe                itoa
 .text.avr-libc
                0x00000afc       0x20 c:/program files (x86)/atmel/atmel toolchain/avr8 gcc/native/3.4.2.1002/avr8-gnu-toolchain/bin/../lib/gcc/avr/4.7.2/../../../../avr/lib/avr4\libc.a(strrev.o)
                0x00000afc                strrev
                0x00000b1c                . = ALIGN (0x2)
 *(.fini9)
 .fini9         0x00000b1c        0x0 c:/program files (x86)/atmel/atmel toolchain/avr8 gcc/native/3.4.2.1002/avr8-gnu-toolchain/bin/../lib/gcc/avr/4.7.2/avr4\libgcc.a(_exit.o)
                0x00000b1c                _exit
                0x00000b1c                exit
 *(.fini9)
 *(.fini8)
 *(.fini8)
 *(.fini7)
 *(.fini7)
 *(.fini6)
 *(.fini6)
 *(.fini5)
 *(.fini5)
 *(.fini4)
 *(.fini4)
 *(.fini3)
 *(.fini3)
 *(.fini2)
 *(.fini2)
 *(.fini1)
 *(.fini1)
 *(.fini0)
 .fini0         0x00000b1c        0x4 c:/program files (x86)/atmel/atmel toolchain/avr8 gcc/native/3.4.2.1002/avr8-gnu-toolchain/bin/../lib/gcc/avr/4.7.2/avr4\libgcc.a(_exit.o)
 *(.fini0)
                0x00000b20                _etext = .

.data           0x00800060      0x13c load address 0x00000b20
                0x00800060                PROVIDE (__data_start, .)
 *(.data)
 .data          0x00800060        0x0 c:/program files (x86)/atmel/atmel toolchain/avr8 gcc/native/3.4.2.1002/avr8-gnu-toolchain/bin/../lib/gcc/avr/4.7.2/../../../../avr/lib/avr4/crtm8.o
 .data          0x00800060        0x0 adc.o
 .data          0x00800060        0x0 Asuro.o
 .data          0x00800060        0x0 line.o
 .data          0x00800060        0x0 line_follow.o
 .data          0x00800060        0x0 motor_control.o
 .data          0x00800060        0x0 odometrie.o
 .data          0x00800060        0x0 status_led.o
 .data          0x00800060        0x0 switch.o
 .data          0x00800060        0x0 test.o
 .data          0x00800060        0x0 timer.o
 .data          0x00800060        0x0 uart.o
 .data          0x00800060        0x0 c:/program files (x86)/atmel/atmel toolchain/avr8 gcc/native/3.4.2.1002/avr8-gnu-toolchain/bin/../lib/gcc/avr/4.7.2/avr4\libgcc.a(_divmodhi4.o)
 .data          0x00800060        0x0 c:/program files (x86)/atmel/atmel toolchain/avr8 gcc/native/3.4.2.1002/avr8-gnu-toolchain/bin/../lib/gcc/avr/4.7.2/avr4\libgcc.a(_exit.o)
 .data          0x00800060        0x0 c:/program files (x86)/atmel/atmel toolchain/avr8 gcc/native/3.4.2.1002/avr8-gnu-toolchain/bin/../lib/gcc/avr/4.7.2/avr4\libgcc.a(_copy_data.o)
 .data          0x00800060        0x0 c:/program files (x86)/atmel/atmel toolchain/avr8 gcc/native/3.4.2.1002/avr8-gnu-toolchain/bin/../lib/gcc/avr/4.7.2/avr4\libgcc.a(_clear_bss.o)
 .data          0x00800060        0x0 c:/program files (x86)/atmel/atmel toolchain/avr8 gcc/native/3.4.2.1002/avr8-gnu-toolchain/bin/../lib/gcc/avr/4.7.2/avr4\libgcc.a(_udivmodhi4.o)
 .data          0x00800060        0x0 c:/program files (x86)/atmel/atmel toolchain/avr8 gcc/native/3.4.2.1002/avr8-gnu-toolchain/bin/../lib/gcc/avr/4.7.2/../../../../avr/lib/avr4\libc.a(itoa.o)
 .data          0x00800060        0x0 c:/program files (x86)/atmel/atmel toolchain/avr8 gcc/native/3.4.2.1002/avr8-gnu-toolchain/bin/../lib/gcc/avr/4.7.2/../../../../avr/lib/avr4\libc.a(strrev.o)
 *(.data*)
 .data.pwr_left
                0x00800060        0x1 line_follow.o
                0x00800060                pwr_left
 .data.pwr_right
                0x00800061        0x1 line_follow.o
                0x00800061                pwr_right
 *(.rodata)
 .rodata        0x00800062       0x13 adc.o
 .rodata        0x00800075       0x14 Asuro.o
 .rodata        0x00800089       0x62 line.o
 .rodata        0x008000eb       0x15 motor_control.o
 .rodata        0x00800100       0x53 status_led.o
 .rodata        0x00800153       0x1f switch.o
 .rodata        0x00800172       0x15 timer.o
 .rodata        0x00800187       0x14 uart.o
 *(.rodata*)
 *(.gnu.linkonce.d*)
                0x0080019c                . = ALIGN (0x2)
 *fill*         0x0080019b        0x1 
                0x0080019c                _edata = .
                0x0080019c                PROVIDE (__data_end, .)

.bss            0x0080019c        0x3
                0x0080019c                PROVIDE (__bss_start, .)
 *(.bss)
 *(.bss*)
 .bss.cal_factor
                0x0080019c        0x1 line.o
                0x0080019c                cal_factor
 .bss.line_diff
                0x0080019d        0x2 line_follow.o
                0x0080019d                line_diff
 *(COMMON)
                0x0080019f                PROVIDE (__bss_end, .)
                0x00000b20                __data_load_start = LOADADDR (.data)
                0x00000c5c                __data_load_end = (__data_load_start + SIZEOF (.data))

.noinit         0x0080019f        0x0
                0x0080019f                PROVIDE (__noinit_start, .)
 *(.noinit*)
                0x0080019f                PROVIDE (__noinit_end, .)
                0x0080019f                _end = .
                0x0080019f                PROVIDE (__heap_start, .)

.eeprom         0x00810000        0x0
 *(.eeprom*)
                0x00810000                __eeprom_end = .

.fuse
 *(.fuse)
 *(.lfuse)
 *(.hfuse)
 *(.efuse)

.lock
 *(.lock*)

.signature
 *(.signature*)

.user_signatures
 *(.user_signatures*)

.stab           0x00000000      0x954
 *(.stab)
 .stab          0x00000000      0x6cc c:/program files (x86)/atmel/atmel toolchain/avr8 gcc/native/3.4.2.1002/avr8-gnu-toolchain/bin/../lib/gcc/avr/4.7.2/../../../../avr/lib/avr4/crtm8.o
 .stab          0x000006cc      0x1b0 c:/program files (x86)/atmel/atmel toolchain/avr8 gcc/native/3.4.2.1002/avr8-gnu-toolchain/bin/../lib/gcc/avr/4.7.2/../../../../avr/lib/avr4\libc.a(itoa.o)
                                0x1bc (size before relaxing)
 .stab          0x0000087c       0xd8 c:/program files (x86)/atmel/atmel toolchain/avr8 gcc/native/3.4.2.1002/avr8-gnu-toolchain/bin/../lib/gcc/avr/4.7.2/../../../../avr/lib/avr4\libc.a(strrev.o)
                                 0xe4 (size before relaxing)

.stabstr        0x00000000      0x183
 *(.stabstr)
 .stabstr       0x00000000      0x183 c:/program files (x86)/atmel/atmel toolchain/avr8 gcc/native/3.4.2.1002/avr8-gnu-toolchain/bin/../lib/gcc/avr/4.7.2/../../../../avr/lib/avr4/crtm8.o

.stab.excl
 *(.stab.excl)

.stab.exclstr
 *(.stab.exclstr)

.stab.index
 *(.stab.index)

.stab.indexstr
 *(.stab.indexstr)

.comment        0x00000000       0x2f
 *(.comment)
 .comment       0x00000000       0x2f adc.o
                                 0x30 (size before relaxing)
 .comment       0x00000000       0x30 Asuro.o
 .comment       0x00000000       0x30 line.o
 .comment       0x00000000       0x30 line_follow.o
 .comment       0x00000000       0x30 motor_control.o
 .comment       0x00000000       0x30 odometrie.o
 .comment       0x00000000       0x30 status_led.o
 .comment       0x00000000       0x30 switch.o
 .comment       0x00000000       0x30 test.o
 .comment       0x00000000       0x30 timer.o
 .comment       0x00000000       0x30 uart.o

.debug
 *(.debug)

.line
 *(.line)

.debug_srcinfo
 *(.debug_srcinfo)

.debug_sfnames
 *(.debug_sfnames)

.debug_aranges  0x00000000      0x1e0
 *(.debug_aranges)
 .debug_aranges
                0x00000000       0x20 adc.o
 .debug_aranges
                0x00000020       0x20 Asuro.o
 .debug_aranges
                0x00000040       0x38 line.o
 .debug_aranges
                0x00000078       0x20 line_follow.o
 .debug_aranges
                0x00000098       0x30 motor_control.o
 .debug_aranges
                0x000000c8       0x28 odometrie.o
 .debug_aranges
                0x000000f0       0x38 status_led.o
 .debug_aranges
                0x00000128       0x38 switch.o
 .debug_aranges
                0x00000160       0x20 test.o
 .debug_aranges
                0x00000180       0x28 timer.o
 .debug_aranges
                0x000001a8       0x38 uart.o

.debug_pubnames
 *(.debug_pubnames)

.debug_info     0x00000000      0xaad
 *(.debug_info)
 .debug_info    0x00000000       0x8e adc.o
 .debug_info    0x0000008e       0x7c Asuro.o
 .debug_info    0x0000010a      0x17d line.o
 .debug_info    0x00000287      0x12b line_follow.o
 .debug_info    0x000003b2       0xf4 motor_control.o
 .debug_info    0x000004a6      0x138 odometrie.o
 .debug_info    0x000005de      0x10f status_led.o
 .debug_info    0x000006ed      0x12f switch.o
 .debug_info    0x0000081c       0xa7 test.o
 .debug_info    0x000008c3       0x99 timer.o
 .debug_info    0x0000095c      0x151 uart.o
 *(.gnu.linkonce.wi.*)

.debug_abbrev   0x00000000      0x63c
 *(.debug_abbrev)
 .debug_abbrev  0x00000000       0x51 adc.o
 .debug_abbrev  0x00000051       0x46 Asuro.o
 .debug_abbrev  0x00000097       0xd7 line.o
 .debug_abbrev  0x0000016e       0x82 line_follow.o
 .debug_abbrev  0x000001f0       0x92 motor_control.o
 .debug_abbrev  0x00000282       0xc1 odometrie.o
 .debug_abbrev  0x00000343       0xac status_led.o
 .debug_abbrev  0x000003ef       0xc6 switch.o
 .debug_abbrev  0x000004b5       0x62 test.o
 .debug_abbrev  0x00000517       0x69 timer.o
 .debug_abbrev  0x00000580       0xbc uart.o

.debug_line     0x00000000      0xaf9
 *(.debug_line)
 .debug_line    0x00000000       0xd7 adc.o
 .debug_line    0x000000d7       0x51 Asuro.o
 .debug_line    0x00000128      0x16e line.o
 .debug_line    0x00000296      0x105 line_follow.o
 .debug_line    0x0000039b      0x114 motor_control.o
 .debug_line    0x000004af      0x10d odometrie.o
 .debug_line    0x000005bc      0x12e status_led.o
 .debug_line    0x000006ea      0x138 switch.o
 .debug_line    0x00000822       0xd4 test.o
 .debug_line    0x000008f6       0xe5 timer.o
 .debug_line    0x000009db      0x11e uart.o

.debug_frame    0x00000000      0x4ac
 *(.debug_frame)
 .debug_frame   0x00000000       0x34 adc.o
 .debug_frame   0x00000034       0x34 Asuro.o
 .debug_frame   0x00000068       0xb4 line.o
 .debug_frame   0x0000011c       0x34 line_follow.o
 .debug_frame   0x00000150       0x74 motor_control.o
 .debug_frame   0x000001c4       0x54 odometrie.o
 .debug_frame   0x00000218       0x94 status_led.o
 .debug_frame   0x000002ac       0xdc switch.o
 .debug_frame   0x00000388       0x34 test.o
 .debug_frame   0x000003bc       0x5c timer.o
 .debug_frame   0x00000418       0x94 uart.o

.debug_str      0x00000000      0x316
 *(.debug_str)
 .debug_str     0x00000000       0x96 adc.o
                                 0xca (size before relaxing)
 .debug_str     0x00000096       0x12 Asuro.o
                                 0xb7 (size before relaxing)
 .debug_str     0x000000a8       0x6f line.o
                                0x139 (size before relaxing)
 .debug_str     0x00000117       0x5d line_follow.o
                                0x12c (size before relaxing)
 .debug_str     0x00000174       0x34 motor_control.o
                                 0xf1 (size before relaxing)
 .debug_str     0x000001a8       0x52 odometrie.o
                                0x11b (size before relaxing)
 .debug_str     0x000001fa       0x46 status_led.o
                                0x103 (size before relaxing)
 .debug_str     0x00000240       0x54 switch.o
                                0x113 (size before relaxing)
 .debug_str     0x00000294       0x26 test.o
                                 0xd3 (size before relaxing)
 .debug_str     0x000002ba       0x23 timer.o
                                 0xd0 (size before relaxing)
 .debug_str     0x000002dd       0x39 uart.o
                                0x109 (size before relaxing)

.debug_loc      0x00000000      0x832
 *(.debug_loc)
 .debug_loc     0x00000000       0x3b adc.o
 .debug_loc     0x0000003b       0x3b Asuro.o
 .debug_loc     0x00000076      0x160 line.o
 .debug_loc     0x000001d6       0x48 line_follow.o
 .debug_loc     0x0000021e       0xcb motor_control.o
 .debug_loc     0x000002e9       0x90 odometrie.o
 .debug_loc     0x00000379      0x113 status_led.o
 .debug_loc     0x0000048c      0x1bc switch.o
 .debug_loc     0x00000648       0x3b test.o
 .debug_loc     0x00000683       0x90 timer.o
 .debug_loc     0x00000713      0x11f uart.o

.debug_macinfo
 *(.debug_macinfo)

.debug_pubtypes
 *(.debug_pubtypes)

.debug_ranges   0x00000000      0x130
 *(.debug_ranges)
 .debug_ranges  0x00000000       0x10 adc.o
 .debug_ranges  0x00000010       0x10 Asuro.o
 .debug_ranges  0x00000020       0x28 line.o
 .debug_ranges  0x00000048       0x10 line_follow.o
 .debug_ranges  0x00000058       0x20 motor_control.o
 .debug_ranges  0x00000078       0x18 odometrie.o
 .debug_ranges  0x00000090       0x28 status_led.o
 .debug_ranges  0x000000b8       0x28 switch.o
 .debug_ranges  0x000000e0       0x10 test.o
 .debug_ranges  0x000000f0       0x18 timer.o
 .debug_ranges  0x00000108       0x28 uart.o

.debug_macro
 *(.debug_macro)
OUTPUT(Asuro.elf elf32-avr)
LOAD linker stubs
